// Jest Snapshot v1, https://goo.gl/fbAQLP

exports[`Footer has not changed 1`] = `
<DocumentFragment>
  <footer
    class="footer-container columns is-centered has-background-black-main"
  >
    <div
      class="column is-two-thirds"
    >
      <section
        class="footer-main-links container"
      >
        <a
          class="footer-main-link"
          href="/schedule"
        >
          Schedule
        </a>
        <a
          class="footer-main-link"
          href="/news"
        >
          News
        </a>
        <a
          class="footer-main-link"
          href="/blog"
        >
          Blog
        </a>
        <a
          class="footer-main-link"
          href="/drills"
        >
          Drills
        </a>
        <a
          class="footer-main-link"
          href="/about"
        >
          About
        </a>
      </section>
      <div
        class="footer-divider"
      />
      <section
        class="footer-legal-buttons container"
      >
        <button
          class="footer-legal-button"
          type="button"
        >
          Terms and Conditions
        </button>
        <button
          class="footer-legal-button"
          type="button"
        >
          Privacy
        </button>
        <button
          class="footer-legal-button"
          type="button"
        >
          Cookies
        </button>
      </section>
      <section
        class="copyright container"
      >
        <p>
          © 2019 Calcio Monte Sacro. All Rights Reserved. Website questions, comments or suggestions?
          <a
            class="email-link"
            href="mailto:calciomontesacro@gmail.com"
          >
            Email Us
          </a>
        </p>
      </section>
    </div>
  </footer>
</DocumentFragment>
`;
